============================= test session starts ==============================
platform darwin -- Python 3.13.4, pytest-8.4.1, pluggy-1.6.0
rootdir: /Users/jayadev/Development/a4-data/Agentic-Schema-Layer
plugins: anyio-4.9.0
collected 0 items / 1 error

==================================== ERRORS ====================================
____________________ ERROR collecting tests/test_health.py _____________________
venv/lib/python3.13/site-packages/_pytest/python.py:498: in importtestmodule
    mod = import_path(
venv/lib/python3.13/site-packages/_pytest/pathlib.py:587: in import_path
    importlib.import_module(module_name)
/opt/homebrew/Cellar/python@3.13/3.13.4/Frameworks/Python.framework/Versions/3.13/lib/python3.13/importlib/__init__.py:88: in import_module
    return _bootstrap._gcd_import(name[level:], package, level)
           ^^^^^^^^^^^^^^^^^^^^^^^^^^^^^^^^^^^^^^^^^^^^^^^^^^^^
<frozen importlib._bootstrap>:1387: in _gcd_import
    ???
<frozen importlib._bootstrap>:1360: in _find_and_load
    ???
<frozen importlib._bootstrap>:1331: in _find_and_load_unlocked
    ???
<frozen importlib._bootstrap>:935: in _load_unlocked
    ???
venv/lib/python3.13/site-packages/_pytest/assertion/rewrite.py:177: in exec_module
    source_stat, co = _rewrite_test(fn, self.config)
                      ^^^^^^^^^^^^^^^^^^^^^^^^^^^^^^
venv/lib/python3.13/site-packages/_pytest/assertion/rewrite.py:357: in _rewrite_test
    tree = ast.parse(source, filename=strfn)
           ^^^^^^^^^^^^^^^^^^^^^^^^^^^^^^^^^
/opt/homebrew/Cellar/python@3.13/3.13.4/Frameworks/Python.framework/Versions/3.13/lib/python3.13/ast.py:50: in parse
    return compile(source, filename, mode, flags,
E     File "/Users/jayadev/Development/a4-data/Agentic-Schema-Layer/tests/test_health.py", line 1
E       def test_health():\n    assert True
E                          ^
E   SyntaxError: unexpected character after line continuation character
=========================== short test summary info ============================
ERROR tests/test_health.py
!!!!!!!!!!!!!!!!!!!! Interrupted: 1 error during collection !!!!!!!!!!!!!!!!!!!!
=============================== 1 error in 0.09s ===============================
